Archive member included to satisfy reference by file (symbol)

c:/st/stm32cubeide_1.4.0/stm32cubeide/plugins/com.st.stm32cube.ide.mcu.externaltools.gnu-tools-for-stm32.7-2018-q2-update.win32_1.5.0.202011040924/tools/bin/../lib/gcc/arm-none-eabi/7.3.1/../../../../arm-none-eabi/lib/thumb/v7e-m/fpv4-sp/hard\libc_nano.a(lib_a-errno.o)
                              Core/Src/syscalls.o (__errno)
c:/st/stm32cubeide_1.4.0/stm32cubeide/plugins/com.st.stm32cube.ide.mcu.externaltools.gnu-tools-for-stm32.7-2018-q2-update.win32_1.5.0.202011040924/tools/bin/../lib/gcc/arm-none-eabi/7.3.1/../../../../arm-none-eabi/lib/thumb/v7e-m/fpv4-sp/hard\libc_nano.a(lib_a-exit.o)
                              c:/st/stm32cubeide_1.4.0/stm32cubeide/plugins/com.st.stm32cube.ide.mcu.externaltools.gnu-tools-for-stm32.7-2018-q2-update.win32_1.5.0.202011040924/tools/bin/../lib/gcc/arm-none-eabi/7.3.1/../../../../arm-none-eabi/lib/thumb/v7e-m/fpv4-sp/hard/crt0.o (exit)
c:/st/stm32cubeide_1.4.0/stm32cubeide/plugins/com.st.stm32cube.ide.mcu.externaltools.gnu-tools-for-stm32.7-2018-q2-update.win32_1.5.0.202011040924/tools/bin/../lib/gcc/arm-none-eabi/7.3.1/../../../../arm-none-eabi/lib/thumb/v7e-m/fpv4-sp/hard\libc_nano.a(lib_a-impure.o)
                              c:/st/stm32cubeide_1.4.0/stm32cubeide/plugins/com.st.stm32cube.ide.mcu.externaltools.gnu-tools-for-stm32.7-2018-q2-update.win32_1.5.0.202011040924/tools/bin/../lib/gcc/arm-none-eabi/7.3.1/../../../../arm-none-eabi/lib/thumb/v7e-m/fpv4-sp/hard\libc_nano.a(lib_a-exit.o) (_global_impure_ptr)
c:/st/stm32cubeide_1.4.0/stm32cubeide/plugins/com.st.stm32cube.ide.mcu.externaltools.gnu-tools-for-stm32.7-2018-q2-update.win32_1.5.0.202011040924/tools/bin/../lib/gcc/arm-none-eabi/7.3.1/../../../../arm-none-eabi/lib/thumb/v7e-m/fpv4-sp/hard\libc_nano.a(lib_a-init.o)
                              c:/st/stm32cubeide_1.4.0/stm32cubeide/plugins/com.st.stm32cube.ide.mcu.externaltools.gnu-tools-for-stm32.7-2018-q2-update.win32_1.5.0.202011040924/tools/bin/../lib/gcc/arm-none-eabi/7.3.1/../../../../arm-none-eabi/lib/thumb/v7e-m/fpv4-sp/hard/crt0.o (__libc_init_array)
c:/st/stm32cubeide_1.4.0/stm32cubeide/plugins/com.st.stm32cube.ide.mcu.externaltools.gnu-tools-for-stm32.7-2018-q2-update.win32_1.5.0.202011040924/tools/bin/../lib/gcc/arm-none-eabi/7.3.1/../../../../arm-none-eabi/lib/thumb/v7e-m/fpv4-sp/hard\libc_nano.a(lib_a-memset.o)
                              c:/st/stm32cubeide_1.4.0/stm32cubeide/plugins/com.st.stm32cube.ide.mcu.externaltools.gnu-tools-for-stm32.7-2018-q2-update.win32_1.5.0.202011040924/tools/bin/../lib/gcc/arm-none-eabi/7.3.1/../../../../arm-none-eabi/lib/thumb/v7e-m/fpv4-sp/hard/crt0.o (memset)
c:/st/stm32cubeide_1.4.0/stm32cubeide/plugins/com.st.stm32cube.ide.mcu.externaltools.gnu-tools-for-stm32.7-2018-q2-update.win32_1.5.0.202011040924/tools/bin/../lib/gcc/arm-none-eabi/7.3.1/thumb/v7e-m/fpv4-sp/hard\libgcc.a(_aeabi_uldivmod.o)
                              Drivers/STM32F4xx_HAL_Driver/Src/stm32f4xx_ll_usart.o (__aeabi_uldivmod)
c:/st/stm32cubeide_1.4.0/stm32cubeide/plugins/com.st.stm32cube.ide.mcu.externaltools.gnu-tools-for-stm32.7-2018-q2-update.win32_1.5.0.202011040924/tools/bin/../lib/gcc/arm-none-eabi/7.3.1/thumb/v7e-m/fpv4-sp/hard\libgcc.a(_udivmoddi4.o)
                              c:/st/stm32cubeide_1.4.0/stm32cubeide/plugins/com.st.stm32cube.ide.mcu.externaltools.gnu-tools-for-stm32.7-2018-q2-update.win32_1.5.0.202011040924/tools/bin/../lib/gcc/arm-none-eabi/7.3.1/thumb/v7e-m/fpv4-sp/hard\libgcc.a(_aeabi_uldivmod.o) (__udivmoddi4)
c:/st/stm32cubeide_1.4.0/stm32cubeide/plugins/com.st.stm32cube.ide.mcu.externaltools.gnu-tools-for-stm32.7-2018-q2-update.win32_1.5.0.202011040924/tools/bin/../lib/gcc/arm-none-eabi/7.3.1/thumb/v7e-m/fpv4-sp/hard\libgcc.a(_dvmd_tls.o)
                              c:/st/stm32cubeide_1.4.0/stm32cubeide/plugins/com.st.stm32cube.ide.mcu.externaltools.gnu-tools-for-stm32.7-2018-q2-update.win32_1.5.0.202011040924/tools/bin/../lib/gcc/arm-none-eabi/7.3.1/thumb/v7e-m/fpv4-sp/hard\libgcc.a(_aeabi_uldivmod.o) (__aeabi_ldiv0)

Discarded input sections

 .text          0x0000000000000000        0x0 c:/st/stm32cubeide_1.4.0/stm32cubeide/plugins/com.st.stm32cube.ide.mcu.externaltools.gnu-tools-for-stm32.7-2018-q2-update.win32_1.5.0.202011040924/tools/bin/../lib/gcc/arm-none-eabi/7.3.1/thumb/v7e-m/fpv4-sp/hard/crti.o
 .data          0x0000000000000000        0x0 c:/st/stm32cubeide_1.4.0/stm32cubeide/plugins/com.st.stm32cube.ide.mcu.externaltools.gnu-tools-for-stm32.7-2018-q2-update.win32_1.5.0.202011040924/tools/bin/../lib/gcc/arm-none-eabi/7.3.1/thumb/v7e-m/fpv4-sp/hard/crti.o
 .bss           0x0000000000000000        0x0 c:/st/stm32cubeide_1.4.0/stm32cubeide/plugins/com.st.stm32cube.ide.mcu.externaltools.gnu-tools-for-stm32.7-2018-q2-update.win32_1.5.0.202011040924/tools/bin/../lib/gcc/arm-none-eabi/7.3.1/thumb/v7e-m/fpv4-sp/hard/crti.o
[...]
Memory Configuration

Name             Origin             Length             Attributes
RAM              0x0000000020000000 0x0000000000020000 xrw
FLASH            0x0000000008000000 0x0000000000080000 xr
*default*        0x0000000000000000 0xffffffffffffffff

Linker script and memory map

LOAD c:/st/stm32cubeide_1.4.0/stm32cubeide/plugins/com.st.stm32cube.ide.mcu.externaltools.gnu-tools-for-stm32.7-2018-q2-update.win32_1.5.0.202011040924/tools/bin/../lib/gcc/arm-none-eabi/7.3.1/thumb/v7e-m/fpv4-sp/hard/crti.o
LOAD c:/st/stm32cubeide_1.4.0/stm32cubeide/plugins/com.st.stm32cube.ide.mcu.externaltools.gnu-tools-for-stm32.7-2018-q2-update.win32_1.5.0.202011040924/tools/bin/../lib/gcc/arm-none-eabi/7.3.1/thumb/v7e-m/fpv4-sp/hard/crtbegin.o
LOAD c:/st/stm32cubeide_1.4.0/stm32cubeide/plugins/com.st.stm32cube.ide.mcu.externaltools.gnu-tools-for-stm32.7-2018-q2-update.win32_1.5.0.202011040924/tools/bin/../lib/gcc/arm-none-eabi/7.3.1/../../../../arm-none-eabi/lib/thumb/v7e-m/fpv4-sp/hard/crt0.o
LOAD Core/Src/dma.o
LOAD Core/Src/gpio.o
LOAD Core/Src/main.o
LOAD Core/Src/stm32f4xx_it.o
LOAD Core/Src/syscalls.o
LOAD Core/Src/sysmem.o
LOAD Core/Src/system_stm32f4xx.o
LOAD Core/Src/usart.o
LOAD Core/Startup/startup_stm32f411ceux.o
LOAD Drivers/STM32F4xx_HAL_Driver/Src/stm32f4xx_ll_dma.o
LOAD Drivers/STM32F4xx_HAL_Driver/Src/stm32f4xx_ll_exti.o
LOAD Drivers/STM32F4xx_HAL_Driver/Src/stm32f4xx_ll_gpio.o
LOAD Drivers/STM32F4xx_HAL_Driver/Src/stm32f4xx_ll_rcc.o
LOAD Drivers/STM32F4xx_HAL_Driver/Src/stm32f4xx_ll_usart.o
LOAD Drivers/STM32F4xx_HAL_Driver/Src/stm32f4xx_ll_utils.o
START GROUP
LOAD c:/st/stm32cubeide_1.4.0/stm32cubeide/plugins/com.st.stm32cube.ide.mcu.externaltools.gnu-tools-for-stm32.7-2018-q2-update.win32_1.5.0.202011040924/tools/bin/../lib/gcc/arm-none-eabi/7.3.1/../../../../arm-none-eabi/lib/thumb/v7e-m/fpv4-sp/hard\libc_nano.a
LOAD c:/st/stm32cubeide_1.4.0/stm32cubeide/plugins/com.st.stm32cube.ide.mcu.externaltools.gnu-tools-for-stm32.7-2018-q2-update.win32_1.5.0.202011040924/tools/bin/../lib/gcc/arm-none-eabi/7.3.1/../../../../arm-none-eabi/lib/thumb/v7e-m/fpv4-sp/hard\libm.a
END GROUP
START GROUP
LOAD c:/st/stm32cubeide_1.4.0/stm32cubeide/plugins/com.st.stm32cube.ide.mcu.externaltools.gnu-tools-for-stm32.7-2018-q2-update.win32_1.5.0.202011040924/tools/bin/../lib/gcc/arm-none-eabi/7.3.1/thumb/v7e-m/fpv4-sp/hard\libgcc.a
LOAD c:/st/stm32cubeide_1.4.0/stm32cubeide/plugins/com.st.stm32cube.ide.mcu.externaltools.gnu-tools-for-stm32.7-2018-q2-update.win32_1.5.0.202011040924/tools/bin/../lib/gcc/arm-none-eabi/7.3.1/../../../../arm-none-eabi/lib/thumb/v7e-m/fpv4-sp/hard\libc_nano.a
END GROUP
START GROUP
LOAD c:/st/stm32cubeide_1.4.0/stm32cubeide/plugins/com.st.stm32cube.ide.mcu.externaltools.gnu-tools-for-stm32.7-2018-q2-update.win32_1.5.0.202011040924/tools/bin/../lib/gcc/arm-none-eabi/7.3.1/thumb/v7e-m/fpv4-sp/hard\libgcc.a
LOAD c:/st/stm32cubeide_1.4.0/stm32cubeide/plugins/com.st.stm32cube.ide.mcu.externaltools.gnu-tools-for-stm32.7-2018-q2-update.win32_1.5.0.202011040924/tools/bin/../lib/gcc/arm-none-eabi/7.3.1/../../../../arm-none-eabi/lib/thumb/v7e-m/fpv4-sp/hard\libc_nano.a
LOAD c:/st/stm32cubeide_1.4.0/stm32cubeide/plugins/com.st.stm32cube.ide.mcu.externaltools.gnu-tools-for-stm32.7-2018-q2-update.win32_1.5.0.202011040924/tools/bin/../lib/gcc/arm-none-eabi/7.3.1/../../../../arm-none-eabi/lib/thumb/v7e-m/fpv4-sp/hard\libnosys.a
END GROUP
START GROUP
LOAD c:/st/stm32cubeide_1.4.0/stm32cubeide/plugins/com.st.stm32cube.ide.mcu.externaltools.gnu-tools-for-stm32.7-2018-q2-update.win32_1.5.0.202011040924/tools/bin/../lib/gcc/arm-none-eabi/7.3.1/thumb/v7e-m/fpv4-sp/hard\libgcc.a
LOAD c:/st/stm32cubeide_1.4.0/stm32cubeide/plugins/com.st.stm32cube.ide.mcu.externaltools.gnu-tools-for-stm32.7-2018-q2-update.win32_1.5.0.202011040924/tools/bin/../lib/gcc/arm-none-eabi/7.3.1/../../../../arm-none-eabi/lib/thumb/v7e-m/fpv4-sp/hard\libc_nano.a
LOAD c:/st/stm32cubeide_1.4.0/stm32cubeide/plugins/com.st.stm32cube.ide.mcu.externaltools.gnu-tools-for-stm32.7-2018-q2-update.win32_1.5.0.202011040924/tools/bin/../lib/gcc/arm-none-eabi/7.3.1/../../../../arm-none-eabi/lib/thumb/v7e-m/fpv4-sp/hard\libnosys.a
END GROUP
LOAD c:/st/stm32cubeide_1.4.0/stm32cubeide/plugins/com.st.stm32cube.ide.mcu.externaltools.gnu-tools-for-stm32.7-2018-q2-update.win32_1.5.0.202011040924/tools/bin/../lib/gcc/arm-none-eabi/7.3.1/thumb/v7e-m/fpv4-sp/hard/crtend.o
LOAD c:/st/stm32cubeide_1.4.0/stm32cubeide/plugins/com.st.stm32cube.ide.mcu.externaltools.gnu-tools-for-stm32.7-2018-q2-update.win32_1.5.0.202011040924/tools/bin/../lib/gcc/arm-none-eabi/7.3.1/thumb/v7e-m/fpv4-sp/hard/crtn.o
                0x0000000020020000                _estack = (ORIGIN (RAM) + LENGTH (RAM))
                0x0000000000000200                _Min_Heap_Size = 0x200
                0x0000000000000400                _Min_Stack_Size = 0x400

.isr_vector     0x0000000008000000      0x198
                0x0000000008000000                . = ALIGN (0x4)
 *(.isr_vector)
 .isr_vector    0x0000000008000000      0x198 Core/Startup/startup_stm32f411ceux.o
                0x0000000008000000                g_pfnVectors
                0x0000000008000198                . = ALIGN (0x4)

.text           0x0000000008000198     0x23b0
                0x0000000008000198                . = ALIGN (0x4)
 *(.text)
 .text          0x0000000008000198       0x40 c:/st/stm32cubeide_1.4.0/stm32cubeide/plugins/com.st.stm32cube.ide.mcu.externaltools.gnu-tools-for-stm32.7-2018-q2-update.win32_1.5.0.202011040924/tools/bin/../lib/gcc/arm-none-eabi/7.3.1/thumb/v7e-m/fpv4-sp/hard/crtbegin.o
 .text          0x00000000080001d8       0x30 c:/st/stm32cubeide_1.4.0/stm32cubeide/plugins/com.st.stm32cube.ide.mcu.externaltools.gnu-tools-for-stm32.7-2018-q2-update.win32_1.5.0.202011040924/tools/bin/../lib/gcc/arm-none-eabi/7.3.1/thumb/v7e-m/fpv4-sp/hard\libgcc.a(_aeabi_uldivmod.o)
                0x00000000080001d8                __aeabi_uldivmod
 .text          0x0000000008000208      0x2cc c:/st/stm32cubeide_1.4.0/stm32cubeide/plugins/com.st.stm32cube.ide.mcu.externaltools.gnu-tools-for-stm32.7-2018-q2-update.win32_1.5.0.202011040924/tools/bin/../lib/gcc/arm-none-eabi/7.3.1/thumb/v7e-m/fpv4-sp/hard\libgcc.a(_udivmoddi4.o)
                0x0000000008000208                __udivmoddi4
 .text          0x00000000080004d4        0x4 c:/st/stm32cubeide_1.4.0/stm32cubeide/plugins/com.st.stm32cube.ide.mcu.externaltools.gnu-tools-for-stm32.7-2018-q2-update.win32_1.5.0.202011040924/tools/bin/../lib/gcc/arm-none-eabi/7.3.1/thumb/v7e-m/fpv4-sp/hard\libgcc.a(_dvmd_tls.o)
                0x00000000080004d4                __aeabi_idiv0
                0x00000000080004d4                __aeabi_ldiv0
 *(.text*)
 .text.__NVIC_GetPriorityGrouping
                0x00000000080004d8       0x1c Core/Src/dma.o
 .text.__NVIC_EnableIRQ
                0x00000000080004f4       0x3c Core/Src/dma.o
 .text.__NVIC_SetPriority
                0x0000000008000530       0x54 Core/Src/dma.o
 .text.NVIC_EncodePriority
                0x0000000008000584       0x66 Core/Src/dma.o
 *fill*         0x00000000080005ea        0x2 
 .text.LL_DMA_GetDataTransferDirection
                0x00000000080005ec       0x30 Core/Src/dma.o
 .text.LL_DMA_SetDataLength
                0x000000000800061c       0x48 Core/Src/dma.o
 .text.LL_DMA_ConfigAddresses
                0x0000000008000664       0x78 Core/Src/dma.o
 .text.LL_DMA_EnableIT_TE
                0x00000000080006dc       0x40 Core/Src/dma.o
 .text.LL_DMA_EnableIT_TC
                0x000000000800071c       0x40 Core/Src/dma.o
 .text.LL_AHB1_GRP1_EnableClock
                0x000000000800075c       0x30 Core/Src/dma.o
 .text.LL_USART_DMA_GetRegAddr
                0x000000000800078c       0x18 Core/Src/dma.o
 .text.MX_DMA_Init
                0x00000000080007a4       0x50 Core/Src/dma.o
                0x00000000080007a4                MX_DMA_Init
 .text.ConfigDMA
                0x00000000080007f4       0x98 Core/Src/dma.o
                0x00000000080007f4                ConfigDMA
 .text.__NVIC_GetPriorityGrouping
                0x000000000800088c       0x1c Core/Src/gpio.o
 .text.__NVIC_EnableIRQ
                0x00000000080008a8       0x3c Core/Src/gpio.o
 .text.__NVIC_SetPriority
                0x00000000080008e4       0x54 Core/Src/gpio.o
 .text.NVIC_EncodePriority
                0x0000000008000938       0x66 Core/Src/gpio.o
 *fill*         0x000000000800099e        0x2 
 .text.LL_AHB1_GRP1_EnableClock
                0x00000000080009a0       0x30 Core/Src/gpio.o
 .text.LL_SYSCFG_SetEXTISource
                0x00000000080009d0       0x5c Core/Src/gpio.o
 .text.LL_GPIO_SetPinMode
                0x0000000008000a2c       0x5e Core/Src/gpio.o
 .text.LL_GPIO_SetPinPull
                0x0000000008000a8a       0x5e Core/Src/gpio.o
 .text.LL_GPIO_SetOutputPin
                0x0000000008000ae8       0x1c Core/Src/gpio.o
 .text.MX_GPIO_Init
                0x0000000008000b04       0xc4 Core/Src/gpio.o
                0x0000000008000b04                MX_GPIO_Init
 .text.__NVIC_SetPriorityGrouping
                0x0000000008000bc8       0x48 Core/Src/main.o
 .text.LL_DMA_EnableStream
                0x0000000008000c10       0x40 Core/Src/main.o
 .text.LL_DMA_DisableStream
                0x0000000008000c50       0x40 Core/Src/main.o
 .text.LL_RCC_HSE_Enable
                0x0000000008000c90       0x20 Core/Src/main.o
 .text.LL_RCC_HSE_IsReady
                0x0000000008000cb0       0x28 Core/Src/main.o
 .text.LL_RCC_SetSysClkSource
                0x0000000008000cd8       0x28 Core/Src/main.o
 .text.LL_RCC_GetSysClkSource
                0x0000000008000d00       0x1c Core/Src/main.o
 .text.LL_RCC_SetAHBPrescaler
                0x0000000008000d1c       0x28 Core/Src/main.o
 .text.LL_RCC_SetAPB1Prescaler
                0x0000000008000d44       0x28 Core/Src/main.o
 .text.LL_RCC_SetAPB2Prescaler
                0x0000000008000d6c       0x28 Core/Src/main.o
 .text.LL_RCC_SetTIMPrescaler
                0x0000000008000d94       0x2c Core/Src/main.o
 .text.LL_RCC_PLL_Enable
                0x0000000008000dc0       0x20 Core/Src/main.o
 .text.LL_RCC_PLL_IsReady
                0x0000000008000de0       0x28 Core/Src/main.o
 .text.LL_RCC_PLL_ConfigDomain_SYS
                0x0000000008000e08       0x4c Core/Src/main.o
 .text.LL_APB1_GRP1_EnableClock
                0x0000000008000e54       0x30 Core/Src/main.o
 .text.LL_APB2_GRP1_EnableClock
                0x0000000008000e84       0x30 Core/Src/main.o
 .text.LL_FLASH_SetLatency
                0x0000000008000eb4       0x28 Core/Src/main.o
 .text.LL_FLASH_GetLatency
                0x0000000008000edc       0x1c Core/Src/main.o
 .text.LL_EXTI_EnableIT_0_31
                0x0000000008000ef8       0x24 Core/Src/main.o
 .text.LL_PWR_SetRegulVoltageScaling
                0x0000000008000f1c       0x28 Core/Src/main.o
 .text.LL_USART_EnableDMAReq_RX
                0x0000000008000f44       0x20 Core/Src/main.o
 .text.LL_USART_EnableDMAReq_TX
                0x0000000008000f64       0x20 Core/Src/main.o
 .text.main     0x0000000008000f84       0xa0 Core/Src/main.o
                0x0000000008000f84                main
 .text.SystemClock_Config
                0x0000000008001024       0x8c Core/Src/main.o
                0x0000000008001024                SystemClock_Config
 .text.KEY_Callback
                0x00000000080010b0       0x18 Core/Src/main.o
                0x00000000080010b0                KEY_Callback
 .text.LL_DMA_IsActiveFlag_TC2
                0x00000000080010c8       0x28 Core/Src/stm32f4xx_it.o
 .text.LL_DMA_IsActiveFlag_TC7
                0x00000000080010f0       0x28 Core/Src/stm32f4xx_it.o
 .text.LL_DMA_IsActiveFlag_TE2
                0x0000000008001118       0x28 Core/Src/stm32f4xx_it.o
 .text.LL_DMA_IsActiveFlag_TE7
                0x0000000008001140       0x28 Core/Src/stm32f4xx_it.o
 .text.LL_DMA_ClearFlag_TC2
                0x0000000008001168       0x1c Core/Src/stm32f4xx_it.o
 .text.LL_DMA_ClearFlag_TC7
                0x0000000008001184       0x1c Core/Src/stm32f4xx_it.o
 .text.LL_EXTI_IsActiveFlag_0_31
                0x00000000080011a0       0x2c Core/Src/stm32f4xx_it.o
 .text.LL_EXTI_ClearFlag_0_31
                0x00000000080011cc       0x20 Core/Src/stm32f4xx_it.o
 .text.NMI_Handler
                0x00000000080011ec        0x6 Core/Src/stm32f4xx_it.o
                0x00000000080011ec                NMI_Handler
 .text.HardFault_Handler
                0x00000000080011f2        0x6 Core/Src/stm32f4xx_it.o
                0x00000000080011f2                HardFault_Handler
 .text.MemManage_Handler
                0x00000000080011f8        0x6 Core/Src/stm32f4xx_it.o
                0x00000000080011f8                MemManage_Handler
 .text.BusFault_Handler
                0x00000000080011fe        0x6 Core/Src/stm32f4xx_it.o
                0x00000000080011fe                BusFault_Handler
 .text.UsageFault_Handler
                0x0000000008001204        0x6 Core/Src/stm32f4xx_it.o
                0x0000000008001204                UsageFault_Handler
 .text.SVC_Handler
                0x000000000800120a        0xe Core/Src/stm32f4xx_it.o
                0x000000000800120a                SVC_Handler
 .text.DebugMon_Handler
                0x0000000008001218        0xe Core/Src/stm32f4xx_it.o
                0x0000000008001218                DebugMon_Handler
 .text.PendSV_Handler
                0x0000000008001226        0xe Core/Src/stm32f4xx_it.o
                0x0000000008001226                PendSV_Handler
 .text.SysTick_Handler
                0x0000000008001234        0xe Core/Src/stm32f4xx_it.o
                0x0000000008001234                SysTick_Handler
 .text.EXTI0_IRQHandler
                0x0000000008001242       0x1e Core/Src/stm32f4xx_it.o
                0x0000000008001242                EXTI0_IRQHandler
 .text.DMA2_Stream2_IRQHandler
                0x0000000008001260       0x34 Core/Src/stm32f4xx_it.o
                0x0000000008001260                DMA2_Stream2_IRQHandler
 .text.DMA2_Stream7_IRQHandler
                0x0000000008001294       0x34 Core/Src/stm32f4xx_it.o
                0x0000000008001294                DMA2_Stream7_IRQHandler
 .text.SystemInit
                0x00000000080012c8       0x2c Core/Src/system_stm32f4xx.o
                0x00000000080012c8                SystemInit
 .text.LL_DMA_DisableStream
                0x00000000080012f4       0x40 Core/Src/usart.o
 .text.LL_DMA_SetDataTransferDirection
                0x0000000008001334       0x48 Core/Src/usart.o
 .text.LL_DMA_SetMode
                0x000000000800137c       0x48 Core/Src/usart.o
 .text.LL_DMA_SetPeriphIncMode
                0x00000000080013c4       0x48 Core/Src/usart.o
 .text.LL_DMA_SetMemoryIncMode
                0x000000000800140c       0x48 Core/Src/usart.o
 .text.LL_DMA_SetPeriphSize
                0x0000000008001454       0x48 Core/Src/usart.o
 .text.LL_DMA_SetMemorySize
                0x000000000800149c       0x48 Core/Src/usart.o
 .text.LL_DMA_SetStreamPriorityLevel
                0x00000000080014e4       0x48 Core/Src/usart.o
 .text.LL_DMA_SetChannelSelection
                0x000000000800152c       0x48 Core/Src/usart.o
 .text.LL_DMA_DisableFifoMode
                0x0000000008001574       0x40 Core/Src/usart.o
 .text.LL_AHB1_GRP1_EnableClock
                0x00000000080015b4       0x30 Core/Src/usart.o
 .text.LL_APB2_GRP1_EnableClock
                0x00000000080015e4       0x30 Core/Src/usart.o
 .text.LL_USART_Enable
                0x0000000008001614       0x20 Core/Src/usart.o
 .text.LL_USART_ConfigAsyncMode
                0x0000000008001634       0x2c Core/Src/usart.o
 .text.DMA2_TransmitComplete_Callback
                0x0000000008001660       0x18 Core/Src/usart.o
                0x0000000008001660                DMA2_TransmitComplete_Callback
 .text.DMA2_ReceiveComplete_Callback
                0x0000000008001678       0x18 Core/Src/usart.o
                0x0000000008001678                DMA2_ReceiveComplete_Callback
 .text.DMA2_TransferError_Callback
                0x0000000008001690       0x1c Core/Src/usart.o
                0x0000000008001690                DMA2_TransferError_Callback
 .text.MX_USART1_UART_Init
                0x00000000080016ac      0x164 Core/Src/usart.o
                0x00000000080016ac                MX_USART1_UART_Init
 .text.Reset_Handler
                0x0000000008001810       0x50 Core/Startup/startup_stm32f411ceux.o
                0x0000000008001810                Reset_Handler
 .text.Default_Handler
                0x0000000008001860        0x2 Core/Startup/startup_stm32f411ceux.o
                0x0000000008001860                RTC_Alarm_IRQHandler
                0x0000000008001860                EXTI2_IRQHandler
                0x0000000008001860                SPI4_IRQHandler
                0x0000000008001860                TIM1_CC_IRQHandler
                0x0000000008001860                DMA2_Stream5_IRQHandler
                0x0000000008001860                DMA1_Stream5_IRQHandler
                0x0000000008001860                PVD_IRQHandler
                0x0000000008001860                SDIO_IRQHandler
                0x0000000008001860                TAMP_STAMP_IRQHandler
                0x0000000008001860                EXTI3_IRQHandler
                0x0000000008001860                TIM1_UP_TIM10_IRQHandler
                0x0000000008001860                I2C3_ER_IRQHandler
                0x0000000008001860                I2C2_EV_IRQHandler
                0x0000000008001860                DMA1_Stream2_IRQHandler
                0x0000000008001860                FPU_IRQHandler
                0x0000000008001860                SPI1_IRQHandler
                0x0000000008001860                TIM1_BRK_TIM9_IRQHandler
                0x0000000008001860                DMA2_Stream3_IRQHandler
                0x0000000008001860                USART6_IRQHandler
                0x0000000008001860                DMA2_Stream0_IRQHandler
                0x0000000008001860                TIM4_IRQHandler
                0x0000000008001860                I2C1_EV_IRQHandler
                0x0000000008001860                DMA1_Stream6_IRQHandler
                0x0000000008001860                DMA1_Stream1_IRQHandler
                0x0000000008001860                TIM3_IRQHandler
                0x0000000008001860                RCC_IRQHandler
                0x0000000008001860                Default_Handler
                0x0000000008001860                EXTI15_10_IRQHandler
                0x0000000008001860                ADC_IRQHandler
                0x0000000008001860                DMA1_Stream7_IRQHandler
                0x0000000008001860                SPI5_IRQHandler
                0x0000000008001860                TIM5_IRQHandler
                0x0000000008001860                I2C3_EV_IRQHandler
                0x0000000008001860                EXTI9_5_IRQHandler
                0x0000000008001860                RTC_WKUP_IRQHandler
                0x0000000008001860                SPI2_IRQHandler
                0x0000000008001860                DMA1_Stream0_IRQHandler
                0x0000000008001860                EXTI4_IRQHandler
                0x0000000008001860                WWDG_IRQHandler
                0x0000000008001860                TIM2_IRQHandler
                0x0000000008001860                OTG_FS_WKUP_IRQHandler
                0x0000000008001860                TIM1_TRG_COM_TIM11_IRQHandler
                0x0000000008001860                EXTI1_IRQHandler
                0x0000000008001860                USART2_IRQHandler
                0x0000000008001860                I2C2_ER_IRQHandler
                0x0000000008001860                DMA2_Stream1_IRQHandler
                0x0000000008001860                FLASH_IRQHandler
                0x0000000008001860                DMA2_Stream4_IRQHandler
                0x0000000008001860                USART1_IRQHandler
                0x0000000008001860                OTG_FS_IRQHandler
                0x0000000008001860                SPI3_IRQHandler
                0x0000000008001860                DMA1_Stream4_IRQHandler
                0x0000000008001860                I2C1_ER_IRQHandler
                0x0000000008001860                DMA2_Stream6_IRQHandler
                0x0000000008001860                DMA1_Stream3_IRQHandler
 *fill*         0x0000000008001862        0x2 
 .text.LL_EXTI_EnableIT_0_31
                0x0000000008001864       0x24 Drivers/STM32F4xx_HAL_Driver/Src/stm32f4xx_ll_exti.o
 .text.LL_EXTI_DisableIT_0_31
                0x0000000008001888       0x28 Drivers/STM32F4xx_HAL_Driver/Src/stm32f4xx_ll_exti.o
 .text.LL_EXTI_EnableEvent_0_31
                0x00000000080018b0       0x24 Drivers/STM32F4xx_HAL_Driver/Src/stm32f4xx_ll_exti.o
 .text.LL_EXTI_DisableEvent_0_31
                0x00000000080018d4       0x28 Drivers/STM32F4xx_HAL_Driver/Src/stm32f4xx_ll_exti.o
 .text.LL_EXTI_EnableRisingTrig_0_31
                0x00000000080018fc       0x24 Drivers/STM32F4xx_HAL_Driver/Src/stm32f4xx_ll_exti.o
 .text.LL_EXTI_DisableRisingTrig_0_31
                0x0000000008001920       0x28 Drivers/STM32F4xx_HAL_Driver/Src/stm32f4xx_ll_exti.o
 .text.LL_EXTI_EnableFallingTrig_0_31
                0x0000000008001948       0x24 Drivers/STM32F4xx_HAL_Driver/Src/stm32f4xx_ll_exti.o
 .text.LL_EXTI_DisableFallingTrig_0_31
                0x000000000800196c       0x28 Drivers/STM32F4xx_HAL_Driver/Src/stm32f4xx_ll_exti.o
 .text.LL_EXTI_Init
                0x0000000008001994       0xf8 Drivers/STM32F4xx_HAL_Driver/Src/stm32f4xx_ll_exti.o
                0x0000000008001994                LL_EXTI_Init
 .text.LL_GPIO_SetPinMode
                0x0000000008001a8c       0x5e Drivers/STM32F4xx_HAL_Driver/Src/stm32f4xx_ll_gpio.o
 .text.LL_GPIO_SetPinOutputType
                0x0000000008001aea       0x30 Drivers/STM32F4xx_HAL_Driver/Src/stm32f4xx_ll_gpio.o
 .text.LL_GPIO_SetPinSpeed
                0x0000000008001b1a       0x5e Drivers/STM32F4xx_HAL_Driver/Src/stm32f4xx_ll_gpio.o
 .text.LL_GPIO_SetPinPull
                0x0000000008001b78       0x5e Drivers/STM32F4xx_HAL_Driver/Src/stm32f4xx_ll_gpio.o
 .text.LL_GPIO_SetAFPin_0_7
                0x0000000008001bd6       0x5e Drivers/STM32F4xx_HAL_Driver/Src/stm32f4xx_ll_gpio.o
 .text.LL_GPIO_SetAFPin_8_15
                0x0000000008001c34       0x62 Drivers/STM32F4xx_HAL_Driver/Src/stm32f4xx_ll_gpio.o
 .text.LL_GPIO_Init
                0x0000000008001c96       0xe6 Drivers/STM32F4xx_HAL_Driver/Src/stm32f4xx_ll_gpio.o
                0x0000000008001c96                LL_GPIO_Init
 .text.LL_RCC_GetSysClkSource
                0x0000000008001d7c       0x1c Drivers/STM32F4xx_HAL_Driver/Src/stm32f4xx_ll_rcc.o
 .text.LL_RCC_GetAHBPrescaler
                0x0000000008001d98       0x1c Drivers/STM32F4xx_HAL_Driver/Src/stm32f4xx_ll_rcc.o
 .text.LL_RCC_GetAPB1Prescaler
                0x0000000008001db4       0x1c Drivers/STM32F4xx_HAL_Driver/Src/stm32f4xx_ll_rcc.o
 .text.LL_RCC_GetAPB2Prescaler
                0x0000000008001dd0       0x1c Drivers/STM32F4xx_HAL_Driver/Src/stm32f4xx_ll_rcc.o
 .text.LL_RCC_PLL_GetMainSource
                0x0000000008001dec       0x1c Drivers/STM32F4xx_HAL_Driver/Src/stm32f4xx_ll_rcc.o
 .text.LL_RCC_PLL_GetN
                0x0000000008001e08       0x1c Drivers/STM32F4xx_HAL_Driver/Src/stm32f4xx_ll_rcc.o
 .text.LL_RCC_PLL_GetP
                0x0000000008001e24       0x1c Drivers/STM32F4xx_HAL_Driver/Src/stm32f4xx_ll_rcc.o
 .text.LL_RCC_PLL_GetDivider
                0x0000000008001e40       0x1c Drivers/STM32F4xx_HAL_Driver/Src/stm32f4xx_ll_rcc.o
 .text.LL_RCC_GetSystemClocksFreq
                0x0000000008001e5c       0x4a Drivers/STM32F4xx_HAL_Driver/Src/stm32f4xx_ll_rcc.o
                0x0000000008001e5c                LL_RCC_GetSystemClocksFreq
 *fill*         0x0000000008001ea6        0x2 
 .text.RCC_GetSystemClockFreq
                0x0000000008001ea8       0x4c Drivers/STM32F4xx_HAL_Driver/Src/stm32f4xx_ll_rcc.o
                0x0000000008001ea8                RCC_GetSystemClockFreq
 .text.RCC_GetHCLKClockFreq
                0x0000000008001ef4       0x2c Drivers/STM32F4xx_HAL_Driver/Src/stm32f4xx_ll_rcc.o
                0x0000000008001ef4                RCC_GetHCLKClockFreq
 .text.RCC_GetPCLK1ClockFreq
                0x0000000008001f20       0x28 Drivers/STM32F4xx_HAL_Driver/Src/stm32f4xx_ll_rcc.o
                0x0000000008001f20                RCC_GetPCLK1ClockFreq
 .text.RCC_GetPCLK2ClockFreq
                0x0000000008001f48       0x28 Drivers/STM32F4xx_HAL_Driver/Src/stm32f4xx_ll_rcc.o
                0x0000000008001f48                RCC_GetPCLK2ClockFreq
 .text.RCC_PLL_GetFreqDomain_SYS
                0x0000000008001f70       0x7c Drivers/STM32F4xx_HAL_Driver/Src/stm32f4xx_ll_rcc.o
                0x0000000008001f70                RCC_PLL_GetFreqDomain_SYS
 .text.LL_USART_IsEnabled
                0x0000000008001fec       0x28 Drivers/STM32F4xx_HAL_Driver/Src/stm32f4xx_ll_usart.o
 .text.LL_USART_SetStopBitsLength
                0x0000000008002014       0x26 Drivers/STM32F4xx_HAL_Driver/Src/stm32f4xx_ll_usart.o
 .text.LL_USART_SetHWFlowCtrl
                0x000000000800203a       0x26 Drivers/STM32F4xx_HAL_Driver/Src/stm32f4xx_ll_usart.o
 .text.LL_USART_SetBaudRate
                0x0000000008002060      0x350 Drivers/STM32F4xx_HAL_Driver/Src/stm32f4xx_ll_usart.o
 .text.LL_USART_Init
                0x00000000080023b0       0xc8 Drivers/STM32F4xx_HAL_Driver/Src/stm32f4xx_ll_usart.o
                0x00000000080023b0                LL_USART_Init
 .text.LL_InitTick
                0x0000000008002478       0x34 Drivers/STM32F4xx_HAL_Driver/Src/stm32f4xx_ll_utils.o
 .text.LL_Init1msTick
                0x00000000080024ac       0x1a Drivers/STM32F4xx_HAL_Driver/Src/stm32f4xx_ll_utils.o
                0x00000000080024ac                LL_Init1msTick
 *fill*         0x00000000080024c6        0x2 
 .text.LL_SetSystemCoreClock
                0x00000000080024c8       0x20 Drivers/STM32F4xx_HAL_Driver/Src/stm32f4xx_ll_utils.o
                0x00000000080024c8                LL_SetSystemCoreClock
 .text.__libc_init_array
                0x00000000080024e8       0x48 c:/st/stm32cubeide_1.4.0/stm32cubeide/plugins/com.st.stm32cube.ide.mcu.externaltools.gnu-tools-for-stm32.7-2018-q2-update.win32_1.5.0.202011040924/tools/bin/../lib/gcc/arm-none-eabi/7.3.1/../../../../arm-none-eabi/lib/thumb/v7e-m/fpv4-sp/hard\libc_nano.a(lib_a-init.o)
                0x00000000080024e8                __libc_init_array
 *(.glue_7)
 .glue_7        0x0000000008002530        0x0 linker stubs
 *(.glue_7t)
 .glue_7t       0x0000000008002530        0x0 linker stubs
 *(.eh_frame)
 .eh_frame      0x0000000008002530        0x0 c:/st/stm32cubeide_1.4.0/stm32cubeide/plugins/com.st.stm32cube.ide.mcu.externaltools.gnu-tools-for-stm32.7-2018-q2-update.win32_1.5.0.202011040924/tools/bin/../lib/gcc/arm-none-eabi/7.3.1/thumb/v7e-m/fpv4-sp/hard/crtbegin.o
 *(.init)
 .init          0x0000000008002530        0x4 c:/st/stm32cubeide_1.4.0/stm32cubeide/plugins/com.st.stm32cube.ide.mcu.externaltools.gnu-tools-for-stm32.7-2018-q2-update.win32_1.5.0.202011040924/tools/bin/../lib/gcc/arm-none-eabi/7.3.1/thumb/v7e-m/fpv4-sp/hard/crti.o
                0x0000000008002530                _init
 .init          0x0000000008002534        0x8 c:/st/stm32cubeide_1.4.0/stm32cubeide/plugins/com.st.stm32cube.ide.mcu.externaltools.gnu-tools-for-stm32.7-2018-q2-update.win32_1.5.0.202011040924/tools/bin/../lib/gcc/arm-none-eabi/7.3.1/thumb/v7e-m/fpv4-sp/hard/crtn.o
 *(.fini)
 .fini          0x000000000800253c        0x4 c:/st/stm32cubeide_1.4.0/stm32cubeide/plugins/com.st.stm32cube.ide.mcu.externaltools.gnu-tools-for-stm32.7-2018-q2-update.win32_1.5.0.202011040924/tools/bin/../lib/gcc/arm-none-eabi/7.3.1/thumb/v7e-m/fpv4-sp/hard/crti.o
                0x000000000800253c                _fini
 .fini          0x0000000008002540        0x8 c:/st/stm32cubeide_1.4.0/stm32cubeide/plugins/com.st.stm32cube.ide.mcu.externaltools.gnu-tools-for-stm32.7-2018-q2-update.win32_1.5.0.202011040924/tools/bin/../lib/gcc/arm-none-eabi/7.3.1/thumb/v7e-m/fpv4-sp/hard/crtn.o
                0x0000000008002548                . = ALIGN (0x4)
                0x0000000008002548                _etext = .

.vfp11_veneer   0x0000000008002548        0x0
 .vfp11_veneer  0x0000000008002548        0x0 linker stubs

.v4_bx          0x0000000008002548        0x0
 .v4_bx         0x0000000008002548        0x0 linker stubs

.iplt           0x0000000008002548        0x0
 .iplt          0x0000000008002548        0x0 c:/st/stm32cubeide_1.4.0/stm32cubeide/plugins/com.st.stm32cube.ide.mcu.externaltools.gnu-tools-for-stm32.7-2018-q2-update.win32_1.5.0.202011040924/tools/bin/../lib/gcc/arm-none-eabi/7.3.1/thumb/v7e-m/fpv4-sp/hard/crtbegin.o

.rodata         0x0000000008002548       0x3c
                0x0000000008002548                . = ALIGN (0x4)
 *(.rodata)
 *(.rodata*)
 .rodata.STREAM_OFFSET_TAB
                0x0000000008002548        0x8 Core/Src/dma.o
 .rodata.STREAM_OFFSET_TAB
                0x0000000008002550        0x8 Core/Src/main.o
 .rodata.aTXBuffer
                0x0000000008002558        0x6 Core/Src/main.o
                0x0000000008002558                aTXBuffer
 *fill*         0x000000000800255e        0x2 
 .rodata.aRXBuffer
                0x0000000008002560        0x4 Core/Src/main.o
                0x0000000008002560                aRXBuffer
 .rodata.AHBPrescTable
                0x0000000008002564       0x10 Core/Src/system_stm32f4xx.o
                0x0000000008002564                AHBPrescTable
 .rodata.APBPrescTable
                0x0000000008002574        0x8 Core/Src/system_stm32f4xx.o
                0x0000000008002574                APBPrescTable
 .rodata.STREAM_OFFSET_TAB
                0x000000000800257c        0x8 Core/Src/usart.o
                0x0000000008002584                . = ALIGN (0x4)

.ARM.extab      0x0000000008002584        0x0
                0x0000000008002584                . = ALIGN (0x4)
 *(.ARM.extab* .gnu.linkonce.armextab.*)
                0x0000000008002584                . = ALIGN (0x4)

.ARM            0x0000000008002584        0x8
                0x0000000008002584                . = ALIGN (0x4)
                0x0000000008002584                __exidx_start = .
 *(.ARM.exidx*)
 .ARM.exidx     0x0000000008002584        0x8 c:/st/stm32cubeide_1.4.0/stm32cubeide/plugins/com.st.stm32cube.ide.mcu.externaltools.gnu-tools-for-stm32.7-2018-q2-update.win32_1.5.0.202011040924/tools/bin/../lib/gcc/arm-none-eabi/7.3.1/thumb/v7e-m/fpv4-sp/hard\libgcc.a(_udivmoddi4.o)
                0x000000000800258c                __exidx_end = .
                0x000000000800258c                . = ALIGN (0x4)

.rel.dyn        0x000000000800258c        0x0
 .rel.iplt      0x000000000800258c        0x0 c:/st/stm32cubeide_1.4.0/stm32cubeide/plugins/com.st.stm32cube.ide.mcu.externaltools.gnu-tools-for-stm32.7-2018-q2-update.win32_1.5.0.202011040924/tools/bin/../lib/gcc/arm-none-eabi/7.3.1/thumb/v7e-m/fpv4-sp/hard/crtbegin.o

.preinit_array  0x000000000800258c        0x0
                0x000000000800258c                . = ALIGN (0x4)
                0x000000000800258c                PROVIDE (__preinit_array_start = .)
 *(.preinit_array*)
                0x000000000800258c                PROVIDE (__preinit_array_end = .)
                0x000000000800258c                . = ALIGN (0x4)

.init_array     0x000000000800258c        0x4
                0x000000000800258c                . = ALIGN (0x4)
                0x000000000800258c                PROVIDE (__init_array_start = .)
 *(SORT_BY_NAME(.init_array.*))
 *(.init_array*)
 .init_array    0x000000000800258c        0x4 c:/st/stm32cubeide_1.4.0/stm32cubeide/plugins/com.st.stm32cube.ide.mcu.externaltools.gnu-tools-for-stm32.7-2018-q2-update.win32_1.5.0.202011040924/tools/bin/../lib/gcc/arm-none-eabi/7.3.1/thumb/v7e-m/fpv4-sp/hard/crtbegin.o
                0x0000000008002590                PROVIDE (__init_array_end = .)
                0x0000000008002590                . = ALIGN (0x4)

.fini_array     0x0000000008002590        0x4
                0x0000000008002590                . = ALIGN (0x4)
                [!provide]                        PROVIDE (__fini_array_start = .)
 *(SORT_BY_NAME(.fini_array.*))
 *(.fini_array*)
 .fini_array    0x0000000008002590        0x4 c:/st/stm32cubeide_1.4.0/stm32cubeide/plugins/com.st.stm32cube.ide.mcu.externaltools.gnu-tools-for-stm32.7-2018-q2-update.win32_1.5.0.202011040924/tools/bin/../lib/gcc/arm-none-eabi/7.3.1/thumb/v7e-m/fpv4-sp/hard/crtbegin.o
                [!provide]                        PROVIDE (__fini_array_end = .)
                0x0000000008002594                . = ALIGN (0x4)
                0x0000000008002594                _sidata = LOADADDR (.data)

.data           0x0000000020000000        0x4 load address 0x0000000008002594
                0x0000000020000000                . = ALIGN (0x4)
                0x0000000020000000                _sdata = .
 *(.data)
 *(.data*)
 .data.SystemCoreClock
                0x0000000020000000        0x4 Core/Src/system_stm32f4xx.o
                0x0000000020000000                SystemCoreClock
 *(.RamFunc)
 *(.RamFunc*)
                0x0000000020000004                . = ALIGN (0x4)
                0x0000000020000004                _edata = .

.igot.plt       0x0000000020000004        0x0 load address 0x0000000008002598
 .igot.plt      0x0000000020000004        0x0 c:/st/stm32cubeide_1.4.0/stm32cubeide/plugins/com.st.stm32cube.ide.mcu.externaltools.gnu-tools-for-stm32.7-2018-q2-update.win32_1.5.0.202011040924/tools/bin/../lib/gcc/arm-none-eabi/7.3.1/thumb/v7e-m/fpv4-sp/hard/crtbegin.o
                0x0000000020000004                . = ALIGN (0x4)

.bss            0x0000000020000004       0x20 load address 0x0000000008002598
                0x0000000020000004                _sbss = .
                0x0000000020000004                __bss_start__ = _sbss
 *(.bss)
 .bss           0x0000000020000004       0x1c c:/st/stm32cubeide_1.4.0/stm32cubeide/plugins/com.st.stm32cube.ide.mcu.externaltools.gnu-tools-for-stm32.7-2018-q2-update.win32_1.5.0.202011040924/tools/bin/../lib/gcc/arm-none-eabi/7.3.1/thumb/v7e-m/fpv4-sp/hard/crtbegin.o
 *(.bss*)
 .bss.KEYPress  0x0000000020000020        0x1 Core/Src/main.o
                0x0000000020000020                KEYPress
 .bss.TransmissionComplete
                0x0000000020000021        0x1 Core/Src/main.o
                0x0000000020000021                TransmissionComplete
 .bss.ReceptionComplete
                0x0000000020000022        0x1 Core/Src/main.o
                0x0000000020000022                ReceptionComplete
 *(COMMON)
                0x0000000020000024                . = ALIGN (0x4)
 *fill*         0x0000000020000023        0x1 
                0x0000000020000024                _ebss = .
                0x0000000020000024                __bss_end__ = _ebss

._user_heap_stack
                0x0000000020000024      0x604 load address 0x0000000008002598
                0x0000000020000028                . = ALIGN (0x8)
 *fill*         0x0000000020000024        0x4 
                [!provide]                        PROVIDE (end = .)
                0x0000000020000028                PROVIDE (_end = .)
                0x0000000020000228                . = (. + _Min_Heap_Size)
 *fill*         0x0000000020000028      0x200 
                0x0000000020000628                . = (. + _Min_Stack_Size)
 *fill*         0x0000000020000228      0x400 
                0x0000000020000628                . = ALIGN (0x8)

/DISCARD/
 libc.a(*)
 libm.a(*)
 libgcc.a(*)

.ARM.attributes
                0x0000000000000000       0x30
 *(.ARM.attributes)
 .ARM.attributes
                0x0000000000000000       0x22 c:/st/stm32cubeide_1.4.0/stm32cubeide/plugins/com.st.stm32cube.ide.mcu.externaltools.gnu-tools-for-stm32.7-2018-q2-update.win32_1.5.0.202011040924/tools/bin/../lib/gcc/arm-none-eabi/7.3.1/thumb/v7e-m/fpv4-sp/hard/crti.o
 .ARM.attributes
                0x0000000000000022       0x34 c:/st/stm32cubeide_1.4.0/stm32cubeide/plugins/com.st.stm32cube.ide.mcu.externaltools.gnu-tools-for-stm32.7-2018-q2-update.win32_1.5.0.202011040924/tools/bin/../lib/gcc/arm-none-eabi/7.3.1/thumb/v7e-m/fpv4-sp/hard/crtbegin.o
 .ARM.attributes
                0x0000000000000056       0x39 Core/Src/dma.o
 .ARM.attributes
                0x000000000000008f       0x39 Core/Src/gpio.o
 .ARM.attributes
                0x00000000000000c8       0x39 Core/Src/main.o
 .ARM.attributes
                0x0000000000000101       0x39 Core/Src/stm32f4xx_it.o
 .ARM.attributes
                0x000000000000013a       0x39 Core/Src/system_stm32f4xx.o
 .ARM.attributes
                0x0000000000000173       0x39 Core/Src/usart.o
 .ARM.attributes
                0x00000000000001ac       0x21 Core/Startup/startup_stm32f411ceux.o
 .ARM.attributes
                0x00000000000001cd       0x39 Drivers/STM32F4xx_HAL_Driver/Src/stm32f4xx_ll_exti.o
 .ARM.attributes
                0x0000000000000206       0x39 Drivers/STM32F4xx_HAL_Driver/Src/stm32f4xx_ll_gpio.o
 .ARM.attributes
                0x000000000000023f       0x39 Drivers/STM32F4xx_HAL_Driver/Src/stm32f4xx_ll_rcc.o
 .ARM.attributes
                0x0000000000000278       0x39 Drivers/STM32F4xx_HAL_Driver/Src/stm32f4xx_ll_usart.o
 .ARM.attributes
                0x00000000000002b1       0x39 Drivers/STM32F4xx_HAL_Driver/Src/stm32f4xx_ll_utils.o
 .ARM.attributes
                0x00000000000002ea       0x34 c:/st/stm32cubeide_1.4.0/stm32cubeide/plugins/com.st.stm32cube.ide.mcu.externaltools.gnu-tools-for-stm32.7-2018-q2-update.win32_1.5.0.202011040924/tools/bin/../lib/gcc/arm-none-eabi/7.3.1/../../../../arm-none-eabi/lib/thumb/v7e-m/fpv4-sp/hard\libc_nano.a(lib_a-init.o)
 .ARM.attributes
                0x000000000000031e       0x22 c:/st/stm32cubeide_1.4.0/stm32cubeide/plugins/com.st.stm32cube.ide.mcu.externaltools.gnu-tools-for-stm32.7-2018-q2-update.win32_1.5.0.202011040924/tools/bin/../lib/gcc/arm-none-eabi/7.3.1/thumb/v7e-m/fpv4-sp/hard\libgcc.a(_aeabi_uldivmod.o)
 .ARM.attributes
                0x0000000000000340       0x34 c:/st/stm32cubeide_1.4.0/stm32cubeide/plugins/com.st.stm32cube.ide.mcu.externaltools.gnu-tools-for-stm32.7-2018-q2-update.win32_1.5.0.202011040924/tools/bin/../lib/gcc/arm-none-eabi/7.3.1/thumb/v7e-m/fpv4-sp/hard\libgcc.a(_udivmoddi4.o)
 .ARM.attributes
                0x0000000000000374       0x22 c:/st/stm32cubeide_1.4.0/stm32cubeide/plugins/com.st.stm32cube.ide.mcu.externaltools.gnu-tools-for-stm32.7-2018-q2-update.win32_1.5.0.202011040924/tools/bin/../lib/gcc/arm-none-eabi/7.3.1/thumb/v7e-m/fpv4-sp/hard\libgcc.a(_dvmd_tls.o)
 .ARM.attributes
                0x0000000000000396       0x22 c:/st/stm32cubeide_1.4.0/stm32cubeide/plugins/com.st.stm32cube.ide.mcu.externaltools.gnu-tools-for-stm32.7-2018-q2-update.win32_1.5.0.202011040924/tools/bin/../lib/gcc/arm-none-eabi/7.3.1/thumb/v7e-m/fpv4-sp/hard/crtn.o
OUTPUT(uart_dma_testLL.elf elf32-littlearm)

.debug_info     0x0000000000000000     0x5a38
 .debug_info    0x0000000000000000      0xb54 Core/Src/dma.o
 .debug_info    0x0000000000000b54      0xc7f Core/Src/gpio.o
 .debug_info    0x00000000000017d3      0xb2c Core/Src/main.o
 .debug_info    0x00000000000022ff      0x40f Core/Src/stm32f4xx_it.o
 .debug_info    0x000000000000270e      0x525 Core/Src/system_stm32f4xx.o
 .debug_info    0x0000000000002c33      0x938 Core/Src/usart.o
 .debug_info    0x000000000000356b       0x22 Core/Startup/startup_stm32f411ceux.o
 .debug_info    0x000000000000358d      0x3a2 Drivers/STM32F4xx_HAL_Driver/Src/stm32f4xx_ll_exti.o
 .debug_info    0x000000000000392f      0x8ec Drivers/STM32F4xx_HAL_Driver/Src/stm32f4xx_ll_gpio.o
 .debug_info    0x000000000000421b      0x797 Drivers/STM32F4xx_HAL_Driver/Src/stm32f4xx_ll_rcc.o
 .debug_info    0x00000000000049b2      0x77b Drivers/STM32F4xx_HAL_Driver/Src/stm32f4xx_ll_usart.o
 .debug_info    0x000000000000512d      0x90b Drivers/STM32F4xx_HAL_Driver/Src/stm32f4xx_ll_utils.o

.debug_abbrev   0x0000000000000000     0x1374
 .debug_abbrev  0x0000000000000000      0x1e9 Core/Src/dma.o
 .debug_abbrev  0x00000000000001e9      0x245 Core/Src/gpio.o
 .debug_abbrev  0x000000000000042e      0x1fe Core/Src/main.o
 .debug_abbrev  0x000000000000062c      0x16b Core/Src/stm32f4xx_it.o
 .debug_abbrev  0x0000000000000797      0x111 Core/Src/system_stm32f4xx.o
 .debug_abbrev  0x00000000000008a8      0x189 Core/Src/usart.o
 .debug_abbrev  0x0000000000000a31       0x12 Core/Startup/startup_stm32f411ceux.o
 .debug_abbrev  0x0000000000000a43      0x175 Drivers/STM32F4xx_HAL_Driver/Src/stm32f4xx_ll_exti.o
 .debug_abbrev  0x0000000000000bb8      0x212 Drivers/STM32F4xx_HAL_Driver/Src/stm32f4xx_ll_gpio.o
 .debug_abbrev  0x0000000000000dca      0x1d2 Drivers/STM32F4xx_HAL_Driver/Src/stm32f4xx_ll_rcc.o
 .debug_abbrev  0x0000000000000f9c      0x1c9 Drivers/STM32F4xx_HAL_Driver/Src/stm32f4xx_ll_usart.o
 .debug_abbrev  0x0000000000001165      0x20f Drivers/STM32F4xx_HAL_Driver/Src/stm32f4xx_ll_utils.o

.debug_aranges  0x0000000000000000      0x6f0
 .debug_aranges
                0x0000000000000000       0x80 Core/Src/dma.o
 .debug_aranges
                0x0000000000000080       0x68 Core/Src/gpio.o
 .debug_aranges
                0x00000000000000e8       0xe8 Core/Src/main.o
 .debug_aranges
                0x00000000000001d0       0xb8 Core/Src/stm32f4xx_it.o
 .debug_aranges
                0x0000000000000288       0x28 Core/Src/system_stm32f4xx.o
 .debug_aranges
                0x00000000000002b0       0xa8 Core/Src/usart.o
 .debug_aranges
                0x0000000000000358       0x28 Core/Startup/startup_stm32f411ceux.o
 .debug_aranges
                0x0000000000000380       0x70 Drivers/STM32F4xx_HAL_Driver/Src/stm32f4xx_ll_exti.o
 .debug_aranges
                0x00000000000003f0       0x70 Drivers/STM32F4xx_HAL_Driver/Src/stm32f4xx_ll_gpio.o
 .debug_aranges
                0x0000000000000460      0x110 Drivers/STM32F4xx_HAL_Driver/Src/stm32f4xx_ll_rcc.o
 .debug_aranges
                0x0000000000000570       0x88 Drivers/STM32F4xx_HAL_Driver/Src/stm32f4xx_ll_usart.o
 .debug_aranges
                0x00000000000005f8       0xf8 Drivers/STM32F4xx_HAL_Driver/Src/stm32f4xx_ll_utils.o

.debug_ranges   0x0000000000000000      0x638
 .debug_ranges  0x0000000000000000       0x70 Core/Src/dma.o
 .debug_ranges  0x0000000000000070       0x58 Core/Src/gpio.o
 .debug_ranges  0x00000000000000c8       0xd8 Core/Src/main.o
 .debug_ranges  0x00000000000001a0       0xa8 Core/Src/stm32f4xx_it.o
 .debug_ranges  0x0000000000000248       0x18 Core/Src/system_stm32f4xx.o
 .debug_ranges  0x0000000000000260       0x98 Core/Src/usart.o
 .debug_ranges  0x00000000000002f8       0x20 Core/Startup/startup_stm32f411ceux.o
 .debug_ranges  0x0000000000000318       0x60 Drivers/STM32F4xx_HAL_Driver/Src/stm32f4xx_ll_exti.o
 .debug_ranges  0x0000000000000378       0x60 Drivers/STM32F4xx_HAL_Driver/Src/stm32f4xx_ll_gpio.o
 .debug_ranges  0x00000000000003d8      0x100 Drivers/STM32F4xx_HAL_Driver/Src/stm32f4xx_ll_rcc.o
 .debug_ranges  0x00000000000004d8       0x78 Drivers/STM32F4xx_HAL_Driver/Src/stm32f4xx_ll_usart.o
 .debug_ranges  0x0000000000000550       0xe8 Drivers/STM32F4xx_HAL_Driver/Src/stm32f4xx_ll_utils.o

.debug_macro    0x0000000000000000    0x1072a
 .debug_macro   0x0000000000000000      0x147 Core/Src/dma.o
 .debug_macro   0x0000000000000147      0xa9c Core/Src/dma.o
 .debug_macro   0x0000000000000be3       0x2e Core/Src/dma.o
 .debug_macro   0x0000000000000c11       0x28 Core/Src/dma.o
 .debug_macro   0x0000000000000c39       0x22 Core/Src/dma.o
 .debug_macro   0x0000000000000c5b       0x8e Core/Src/dma.o
 .debug_macro   0x0000000000000ce9       0x51 Core/Src/dma.o
 .debug_macro   0x0000000000000d3a       0xef Core/Src/dma.o
 .debug_macro   0x0000000000000e29       0x6a Core/Src/dma.o
 .debug_macro   0x0000000000000e93      0x1df Core/Src/dma.o
 .debug_macro   0x0000000000001072       0x1c Core/Src/dma.o
 .debug_macro   0x000000000000108e       0x22 Core/Src/dma.o
 .debug_macro   0x00000000000010b0       0xdf Core/Src/dma.o
 .debug_macro   0x000000000000118f     0x102d Core/Src/dma.o
 .debug_macro   0x00000000000021bc      0x11f Core/Src/dma.o
 .debug_macro   0x00000000000022db     0xb937 Core/Src/dma.o
 .debug_macro   0x000000000000dc12       0x43 Core/Src/dma.o
 .debug_macro   0x000000000000dc55      0x1e0 Core/Src/dma.o
 .debug_macro   0x000000000000de35      0x788 Core/Src/dma.o
 .debug_macro   0x000000000000e5bd      0x11d Core/Src/dma.o
 .debug_macro   0x000000000000e6da      0x1ab Core/Src/dma.o
 .debug_macro   0x000000000000e885       0xe8 Core/Src/dma.o
 .debug_macro   0x000000000000e96d      0x1a8 Core/Src/dma.o
 .debug_macro   0x000000000000eb15       0x61 Core/Src/dma.o
 .debug_macro   0x000000000000eb76       0xbd Core/Src/dma.o
 .debug_macro   0x000000000000ec33      0x1bb Core/Src/dma.o
 .debug_macro   0x000000000000edee      0x149 Core/Src/dma.o
 .debug_macro   0x000000000000ef37       0x40 Core/Src/dma.o
 .debug_macro   0x000000000000ef77      0x147 Core/Src/gpio.o
 .debug_macro   0x000000000000f0be      0x15f Core/Src/main.o
 .debug_macro   0x000000000000f21d      0x155 Core/Src/stm32f4xx_it.o
 .debug_macro   0x000000000000f372       0xd4 Core/Src/system_stm32f4xx.o
 .debug_macro   0x000000000000f446      0x147 Core/Src/usart.o
 .debug_macro   0x000000000000f58d       0xf5 Drivers/STM32F4xx_HAL_Driver/Src/stm32f4xx_ll_exti.o
 .debug_macro   0x000000000000f682       0xe2 Drivers/STM32F4xx_HAL_Driver/Src/stm32f4xx_ll_exti.o
 .debug_macro   0x000000000000f764      0x110 Drivers/STM32F4xx_HAL_Driver/Src/stm32f4xx_ll_gpio.o
 .debug_macro   0x000000000000f874      0x143 Drivers/STM32F4xx_HAL_Driver/Src/stm32f4xx_ll_gpio.o
 .debug_macro   0x000000000000f9b7       0xf5 Drivers/STM32F4xx_HAL_Driver/Src/stm32f4xx_ll_rcc.o
 .debug_macro   0x000000000000faac      0x782 Drivers/STM32F4xx_HAL_Driver/Src/stm32f4xx_ll_rcc.o
 .debug_macro   0x000000000001022e      0x143 Drivers/STM32F4xx_HAL_Driver/Src/stm32f4xx_ll_usart.o
 .debug_macro   0x0000000000010371      0x1b5 Drivers/STM32F4xx_HAL_Driver/Src/stm32f4xx_ll_usart.o
 .debug_macro   0x0000000000010526      0x1a9 Drivers/STM32F4xx_HAL_Driver/Src/stm32f4xx_ll_utils.o
 .debug_macro   0x00000000000106cf       0x5b Drivers/STM32F4xx_HAL_Driver/Src/stm32f4xx_ll_utils.o

.debug_line     0x0000000000000000     0x49d2
 .debug_line    0x0000000000000000      0x6a6 Core/Src/dma.o
 .debug_line    0x00000000000006a6      0x6b8 Core/Src/gpio.o
 .debug_line    0x0000000000000d5e      0x7fc Core/Src/main.o
 .debug_line    0x000000000000155a      0x72b Core/Src/stm32f4xx_it.o
 .debug_line    0x0000000000001c85      0x486 Core/Src/system_stm32f4xx.o
 .debug_line    0x000000000000210b      0x6f5 Core/Src/usart.o
 .debug_line    0x0000000000002800       0x85 Core/Startup/startup_stm32f411ceux.o
 .debug_line    0x0000000000002885      0x59b Drivers/STM32F4xx_HAL_Driver/Src/stm32f4xx_ll_exti.o
 .debug_line    0x0000000000002e20      0x674 Drivers/STM32F4xx_HAL_Driver/Src/stm32f4xx_ll_gpio.o
 .debug_line    0x0000000000003494      0x756 Drivers/STM32F4xx_HAL_Driver/Src/stm32f4xx_ll_rcc.o
 .debug_line    0x0000000000003bea      0x628 Drivers/STM32F4xx_HAL_Driver/Src/stm32f4xx_ll_usart.o
 .debug_line    0x0000000000004212      0x7c0 Drivers/STM32F4xx_HAL_Driver/Src/stm32f4xx_ll_utils.o

.debug_str      0x0000000000000000    0x5daca
 .debug_str     0x0000000000000000    0x5a4aa Core/Src/dma.o
                                      0x5a693 (size before relaxing)
 .debug_str     0x000000000005a4aa      0x18d Core/Src/gpio.o
                                      0x5a6e4 (size before relaxing)
 .debug_str     0x000000000005a637      0x302 Core/Src/main.o
                                      0x5a485 (size before relaxing)
 .debug_str     0x000000000005a939      0x1bf Core/Src/stm32f4xx_it.o
                                      0x5a156 (size before relaxing)
 .debug_str     0x000000000005aaf8       0x70 Core/Src/system_stm32f4xx.o
                                      0x4f831 (size before relaxing)
 .debug_str     0x000000000005ab68      0x1fa Core/Src/usart.o
                                      0x5a3c0 (size before relaxing)
 .debug_str     0x000000000005ad62       0x36 Core/Startup/startup_stm32f411ceux.o
                                         0x78 (size before relaxing)
 .debug_str     0x000000000005ad98      0x323 Drivers/STM32F4xx_HAL_Driver/Src/stm32f4xx_ll_exti.o
                                      0x4fedc (size before relaxing)
 .debug_str     0x000000000005b0bb      0x637 Drivers/STM32F4xx_HAL_Driver/Src/stm32f4xx_ll_gpio.o
                                      0x50d4d (size before relaxing)
 .debug_str     0x000000000005b6f2      0x4bb Drivers/STM32F4xx_HAL_Driver/Src/stm32f4xx_ll_rcc.o
                                      0x54c8a (size before relaxing)
 .debug_str     0x000000000005bbad      0x894 Drivers/STM32F4xx_HAL_Driver/Src/stm32f4xx_ll_usart.o
                                      0x5667b (size before relaxing)
 .debug_str     0x000000000005c441     0x1689 Drivers/STM32F4xx_HAL_Driver/Src/stm32f4xx_ll_utils.o
                                      0x572be (size before relaxing)

.comment        0x0000000000000000       0x7b
 .comment       0x0000000000000000       0x7b Core/Src/dma.o
                                         0x7c (size before relaxing)
 .comment       0x000000000000007b       0x7c Core/Src/gpio.o
 .comment       0x000000000000007b       0x7c Core/Src/main.o
 .comment       0x000000000000007b       0x7c Core/Src/stm32f4xx_it.o
 .comment       0x000000000000007b       0x7c Core/Src/system_stm32f4xx.o
 .comment       0x000000000000007b       0x7c Core/Src/usart.o
 .comment       0x000000000000007b       0x7c Drivers/STM32F4xx_HAL_Driver/Src/stm32f4xx_ll_exti.o
 .comment       0x000000000000007b       0x7c Drivers/STM32F4xx_HAL_Driver/Src/stm32f4xx_ll_gpio.o
 .comment       0x000000000000007b       0x7c Drivers/STM32F4xx_HAL_Driver/Src/stm32f4xx_ll_rcc.o
 .comment       0x000000000000007b       0x7c Drivers/STM32F4xx_HAL_Driver/Src/stm32f4xx_ll_usart.o
 .comment       0x000000000000007b       0x7c Drivers/STM32F4xx_HAL_Driver/Src/stm32f4xx_ll_utils.o

.debug_frame    0x0000000000000000     0x1b88
 .debug_frame   0x0000000000000000      0x204 Core/Src/dma.o
 .debug_frame   0x0000000000000204      0x194 Core/Src/gpio.o
 .debug_frame   0x0000000000000398      0x3c0 Core/Src/main.o
 .debug_frame   0x0000000000000758      0x29c Core/Src/stm32f4xx_it.o
 .debug_frame   0x00000000000009f4       0x58 Core/Src/system_stm32f4xx.o
 .debug_frame   0x0000000000000a4c      0x2c0 Core/Src/usart.o
 .debug_frame   0x0000000000000d0c      0x1bc Drivers/STM32F4xx_HAL_Driver/Src/stm32f4xx_ll_exti.o
 .debug_frame   0x0000000000000ec8      0x1c0 Drivers/STM32F4xx_HAL_Driver/Src/stm32f4xx_ll_gpio.o
 .debug_frame   0x0000000000001088      0x43c Drivers/STM32F4xx_HAL_Driver/Src/stm32f4xx_ll_rcc.o
 .debug_frame   0x00000000000014c4      0x240 Drivers/STM32F4xx_HAL_Driver/Src/stm32f4xx_ll_usart.o
 .debug_frame   0x0000000000001704      0x3f8 Drivers/STM32F4xx_HAL_Driver/Src/stm32f4xx_ll_utils.o
 .debug_frame   0x0000000000001afc       0x2c c:/st/stm32cubeide_1.4.0/stm32cubeide/plugins/com.st.stm32cube.ide.mcu.externaltools.gnu-tools-for-stm32.7-2018-q2-update.win32_1.5.0.202011040924/tools/bin/../lib/gcc/arm-none-eabi/7.3.1/../../../../arm-none-eabi/lib/thumb/v7e-m/fpv4-sp/hard\libc_nano.a(lib_a-init.o)
 .debug_frame   0x0000000000001b28       0x2c c:/st/stm32cubeide_1.4.0/stm32cubeide/plugins/com.st.stm32cube.ide.mcu.externaltools.gnu-tools-for-stm32.7-2018-q2-update.win32_1.5.0.202011040924/tools/bin/../lib/gcc/arm-none-eabi/7.3.1/thumb/v7e-m/fpv4-sp/hard\libgcc.a(_aeabi_uldivmod.o)
 .debug_frame   0x0000000000001b54       0x34 c:/st/stm32cubeide_1.4.0/stm32cubeide/plugins/com.st.stm32cube.ide.mcu.externaltools.gnu-tools-for-stm32.7-2018-q2-update.win32_1.5.0.202011040924/tools/bin/../lib/gcc/arm-none-eabi/7.3.1/thumb/v7e-m/fpv4-sp/hard\libgcc.a(_udivmoddi4.o)
