stm32f4xx_ll_dma.h:1750:26:LL_DMA_IsActiveFlag_TC2	16	static
stm32f4xx_ll_dma.h:1805:26:LL_DMA_IsActiveFlag_TC7	16	static
stm32f4xx_ll_dma.h:1838:26:LL_DMA_IsActiveFlag_TE2	16	static
stm32f4xx_ll_dma.h:1893:26:LL_DMA_IsActiveFlag_TE7	16	static
stm32f4xx_ll_dma.h:2190:22:LL_DMA_ClearFlag_TC2	16	static
stm32f4xx_ll_dma.h:2245:22:LL_DMA_ClearFlag_TC7	16	static
stm32f4xx_ll_exti.h:835:26:LL_EXTI_IsActiveFlag_0_31	16	static
stm32f4xx_ll_exti.h:911:22:LL_EXTI_ClearFlag_0_31	16	static
stm32f4xx_it.c:71:6:NMI_Handler	4	static
stm32f4xx_it.c:86:6:HardFault_Handler	4	static
stm32f4xx_it.c:101:6:MemManage_Handler	4	static
stm32f4xx_it.c:116:6:BusFault_Handler	4	static
stm32f4xx_it.c:131:6:UsageFault_Handler	4	static
stm32f4xx_it.c:146:6:SVC_Handler	4	static
stm32f4xx_it.c:159:6:DebugMon_Handler	4	static
stm32f4xx_it.c:172:6:PendSV_Handler	4	static
stm32f4xx_it.c:185:6:SysTick_Handler	4	static
stm32f4xx_it.c:206:6:EXTI0_IRQHandler	8	static
stm32f4xx_it.c:226:6:DMA2_Stream2_IRQHandler	8	static
stm32f4xx_it.c:248:6:DMA2_Stream7_IRQHandler	8	static
