stm32f4xx_ll_dma.h:505:22:LL_DMA_DisableStream	16	static
stm32f4xx_ll_dma.h:586:22:LL_DMA_SetDataTransferDirection	24	static
stm32f4xx_ll_dma.h:634:22:LL_DMA_SetMode	24	static
stm32f4xx_ll_dma.h:681:22:LL_DMA_SetPeriphIncMode	24	static
stm32f4xx_ll_dma.h:726:22:LL_DMA_SetMemoryIncMode	24	static
stm32f4xx_ll_dma.h:772:22:LL_DMA_SetPeriphSize	24	static
stm32f4xx_ll_dma.h:819:22:LL_DMA_SetMemorySize	24	static
stm32f4xx_ll_dma.h:912:22:LL_DMA_SetStreamPriorityLevel	24	static
stm32f4xx_ll_dma.h:1010:22:LL_DMA_SetChannelSelection	24	static
stm32f4xx_ll_dma.h:1267:22:LL_DMA_DisableFifoMode	16	static
stm32f4xx_ll_bus.h:411:22:LL_AHB1_GRP1_EnableClock	24	static
stm32f4xx_ll_bus.h:1706:22:LL_APB2_GRP1_EnableClock	24	static
stm32f4xx_ll_usart.h:409:22:LL_USART_Enable	16	static
stm32f4xx_ll_usart.h:1478:22:LL_USART_ConfigAsyncMode	16	static
usart.c:24:6:DMA2_TransmitComplete_Callback	4	static
usart.c:28:6:DMA2_ReceiveComplete_Callback	4	static
usart.c:32:6:DMA2_TransferError_Callback	8	static
usart.c:44:6:MX_USART1_UART_Init	64	static
